---
source: crates/model-ai/src/model_generation_tests.rs
description: Generated branch names for validation_refactor in full_diff mode
---
scenario: validation_refactor
mode: full_diff
commits_count: 3
files_count: 3
model_results:
  - model: Qwen3_17B
    prompt: "<|im_start|>system\nYou are a Git branch name generator. Output only the branch name. Use lowercase letters, numbers, and hyphens only. Maximum 50 characters. /no_think<|im_end|>\n<|im_start|>user\nrefactor(api): extract validation logic to separate module\nM\tsrc/api/handlers/user.rs\nA\tsrc/validators/user.rs\nA\tsrc/validators/mod.rs\n\nrefactor(api): consolidate error handling patterns\n\ntest(api): update tests for new validation structure<|im_end|>\n<|im_start|>assistant"
    generated_branch_name: refactor-api-extract-validation
    generation_time_ms: 6000
